// Jest Snapshot v1, https://goo.gl/fbAQLP

exports[`ForecastSummaries renders the correct amount of ForecastSummary components 1`] = `
<DocumentFragment>
  <div
    class="forecast-summaries"
  >
    <div>
      <div
        class="date"
        data-testid="date-id"
      >
        Thu 1st Jan
      </div>
      <div
        class="temperature"
        data-testid="temperature-id"
      >
        111°c
      </div>
      <div
        class="description"
        data-testid="description-id"
      >
        date1
      </div>
      <i
        class="wi wi-day-sunny icon"
        data-testid="icon-id"
        name="owm"
      />
      <button
        value="111111"
      >
        More Details
      </button>
    </div>
    <div>
      <div
        class="date"
        data-testid="date-id"
      >
        Thu 1st Jan
      </div>
      <div
        class="temperature"
        data-testid="temperature-id"
      >
        222°c
      </div>
      <div
        class="description"
        data-testid="description-id"
      >
        date2
      </div>
      <i
        class="wi wi-day-sunny icon"
        data-testid="icon-id"
        name="owm"
      />
      <button
        value="222222"
      >
        More Details
      </button>
    </div>
  </div>
</DocumentFragment>
`;
